<html>
<body>
<pre>
<h1>µVision Build Log</h1>
<h2>Project:</h2>
C:\Users\bawani\Desktop\ait-embsys-doorlocksystem\FPLswitch - relay.uvproj
Project File Date:  12/06/2014

<h2>Output:</h2>
Build target 'Flash Target '
compiling system_stm32f0xx.c...
assembling startup_stm32f051.s...
compiling test_relay.c...
compiling relay.c...
compiling util.c...
compiling stm32f0xx_gpio.c...
compiling stm32f0xx_misc.c...
compiling stm32f0xx_rcc.c...
linking...
Program Size: Code=3944 RO-data=224 RW-data=92 ZI-data=1636  
".\FPLswitch.axf" - 0 Error(s), 0 Warning(s).
Load "C:\\Users\\bawani\\Desktop\\ait-embsys-doorlocksystem\\FPLswitch.axf" 
No Algorithm found for: 08000000H - 080010A3H
Erase skipped!
Error: Flash Download failed  -  "Cortex-M0"
Load "C:\\Users\\bawani\\Desktop\\ait-embsys-doorlocksystem\\FPLswitch.axf" 
Erase Done.
Programming Done.
Verify OK.
