<html>
<body>
<pre>
<h1>µVision Build Log</h1>
<h2>Project:</h2>
C:\Users\vsupacha\Desktop\2014 ES Dev Workbook\workspace\ait-embsys-course\FPLswitch - sic4310.uvproj
Project File Date:  11/04/2014

<h2>Output:</h2>
Build Project 'FPLswitch - sic4310' - Target 'Flash Target '
linking...
Program Size: Code=5840 RO-data=224 RW-data=44 ZI-data=1780  
".\FPLswitch.axf" - 0 Error(s), 0 Warning(s).
Load "C:\\Users\\vsupacha\\Desktop\\2014 ES Dev Workbook\\workspace\\ait-embsys-course\\FPLswitch.axf" 
Erase Done.
Programming Done.
Verify OK.
 Dev Workbook\workspace\ait-embsys-course\src\sic4310.c(144): warning:  #550-D: variable "dummy" was set but never used
      uint8_t dummy;
src\sic4310.c: 2 warnings, 0 errors
linking...
Program Size: Code=5840 RO-data=224 RW-data=44 ZI-data=1780  
".\FPLswitch.axf" - 0 Error(s), 2 Warning(s).
sktop\\2014 ES Dev Workbook\\workspace\\ait-embsys-course\\FPLswitch.axf" 
Erase Done.
Programming Done.
Verify OK.
al = -1;
C:\Users\vsupacha\Desktop\2014 ES Dev Workbook\workspace\ait-embsys-course\src\sic4310.c(134): warning:  #550-D: variable "dummy" was set but never used
      uint8_t dummy;
src\sic4310.c: 2 warnings, 0 errors
".\FPLswitch.axf" - 2 Error(s), 2 Warning(s).
Target not created
\src\sic4310.c(134): warning:  #550-D: variable "dummy" was set but never used
      uint8_t dummy;
src\sic4310.c: 2 warnings, 1 error
".\FPLswitch.axf" - 3 Error(s), 2 Warning(s).
Target not created
